.................                                                        [100%]
=============================== warnings summary ===============================
../dependencies/knowledge-python/lib/python3.12/site-packages/fastapi/testclient.py:1
  /Users/admin/mortimer/dependencies/knowledge-python/lib/python3.12/site-packages/fastapi/testclient.py:1: StarletteDeprecationWarning: Using `httpx` with `starlette.testclient` is deprecated; install `httpx2` instead.
    from starlette.testclient import TestClient as TestClient  # noqa

../dependencies/knowledge-python/lib/python3.12/site-packages/starlette/testclient.py:53
  /Users/admin/mortimer/dependencies/knowledge-python/lib/python3.12/site-packages/starlette/testclient.py:53: DeprecationWarning: The anyio.abc.BlockingPortal alias is deprecated, use anyio.from_thread.BlockingPortal instead.
    _PortalFactoryType = Callable[[], AbstractContextManager[anyio.abc.BlockingPortal]]

tests/test_service.py::test_http_document_round_trip
  /Users/admin/mortimer/source/services/mortimer-vault/src/mortimer_vault/service.py:23: DeprecationWarning: 
          on_event is deprecated, use lifespan event handlers instead.
  
          Read more about it in the
          [FastAPI docs for Lifespan Events](https://fastapi.tiangolo.com/advanced/events/).
          
    @app.on_event("startup")

tests/test_service.py::test_http_document_round_trip
tests/test_service.py::test_http_document_round_trip
  /Users/admin/mortimer/dependencies/knowledge-python/lib/python3.12/site-packages/fastapi/applications.py:4681: DeprecationWarning: 
          on_event is deprecated, use lifespan event handlers instead.
  
          Read more about it in the
          [FastAPI docs for Lifespan Events](https://fastapi.tiangolo.com/advanced/events/).
          
    return self.router.on_event(event_type)  # ty: ignore[deprecated]

tests/test_service.py::test_http_document_round_trip
  /Users/admin/mortimer/source/services/mortimer-vault/src/mortimer_vault/service.py:32: DeprecationWarning: 
          on_event is deprecated, use lifespan event handlers instead.
  
          Read more about it in the
          [FastAPI docs for Lifespan Events](https://fastapi.tiangolo.com/advanced/events/).
          
    @app.on_event("shutdown")

-- Docs: https://docs.pytest.org/en/stable/how-to/capture-warnings.html
17 passed, 6 warnings in 2.71s

